---
title: InnoDB记录结构
---
# 一、InnoDB记录结构

## 字符集的介绍

### ASCII

https://zh.m.wikipedia.org/zh-hans/ASCII

在计算机中所有的数据在存储和运算时都要使用二进制数表示。例如，像a、b、c、d这样的52个字母（包括大写）以及0、1等数字还有一些常见的符号（*、#、@等）在计算机中存储时也要使用二进制数来表示，而具体**使用那些二进制数来表示哪个符号，这就是编码**。如果不同的计算机想要互相通信不造成混乱，那么每台计算机就必须使用相同的编码规则，于是美国有关的[标准化组织](https://zh.m.wikipedia.org/wiki/標準組織)就推出了ASCII编码。

`ASCII`使用标准的`单字节字符编码`(**一个字符占用一个字节**)方案，用于基于文本的数据。

![image-20220906151127815](https://typora-1259403628.cos.ap-nanjing.myqcloud.com/image-20220906151127815.png)

![image-20220906151136029](https://typora-1259403628.cos.ap-nanjing.myqcloud.com/image-20220906151136029.png)

####  缺点

ASCII的局限在于只能显示26个基本拉丁字母、阿拉伯数字和英式标点符号，因此只能用于显示现代美国英语

现在大多软件系统采用Unicode，特别是与ASCII向下兼容的UTF-8.

### UTF-8

**UTF-8**（**8-bit Unicode Transformation Format**）是一种针对[Unicode](https://zh.m.wikipedia.org/wiki/Unicode)的**可变长度**[字元编码](https://zh.m.wikipedia.org/wiki/字元編碼)，也是一种[前缀码](https://zh.m.wikipedia.org/wiki/前缀码)。它可以用**一至四个字节**对Unicode字符集中的所有有效编码点进行编码，属于[Unicode](https://zh.m.wikipedia.org/wiki/Unicode)标准的一部分

由于较小值的编码点一般使用频率较高，直接使用Unicode编码效率低下，大量浪费内存空间。UTF-8就是为了解决向后兼容ASCII码而设计，Unicode中前128个字符，使用与ASCII码相同的二进制值的单个[字节](https://zh.m.wikipedia.org/wiki/字节)进行编码，而且字面与ASCII码的字面一一对应，这使得原来处理ASCII字元的[软体](https://zh.m.wikipedia.org/wiki/軟體)无须或只须做少部份修改，即可继续使用。因此，它逐渐成为[电子邮件](https://zh.m.wikipedia.org/wiki/電子郵件)、[网页](https://zh.m.wikipedia.org/wiki/網頁)及其他[储存](https://zh.m.wikipedia.org/wiki/儲存裝置)或传送文字优先采用的编码方式。

## InnoDB页简介

InnoDB是一个将表中的数据存储到磁盘上的存储引擎，所以即使关机重启后数据还是在的。真正处理数据的过程是发生在内存当中的，所以需要把磁盘中的数据加载到内存中，如果是处理写入或修改请求的话，还需要把内存中的内容刷新到磁盘上。而磁盘的读写速度是很慢的，所以当我们想从表中获取数据时，InnoDB引擎采取的方式是：**将数据划分为若干个页，以页为单位作为磁盘和内存之间交互的基本单位，InnoDB中页的大小一般为16KB。**也就是在一般情况下，一次最少从磁盘中读取16KB的内容到内存中，一次最少把内存中16kb内容刷新到磁盘中

## InnoDB行格式

我们平时是以记录为单位来向表中插入数据的，这些记录在磁盘上的存放方式也被称为 行格式 或者 记录格式 。 设计 InnoDB 存储引擎的大叔们到现在为止设计了4种不同类型的 行格式 ，分别是 **Compact 、 Redundant 、 Dynamic 和 Compressed 行格式**，随着时间的推移，他们可能会设计出更多的行格式，但是不管怎么变，在原理 上大体都是相同的。

### 指定行格式的语法

我们可以在创建或修改表的语句中指定 行格式 ：

CREATE TABLE 表名 (列的信息) ROW_FORMAT=行格式名称 

ALTER TABLE 表名 ROW_FORMAT=行格式名称

比如我们在 xiaohaizi 数据库里创建一个演示用的表 record_format_demo ，可以这样指定它的 行格式 ：

```sql
mysql> USE xiaohaizi;
Database changed
mysql> CREATE TABLE record_format_demo (
 -> c1 VARCHAR(10),
 -> c2 VARCHAR(10) NOT NULL,
 -> c3 CHAR(10),
 -> c4 VARCHAR(10)
 -> ) CHARSET=ascii ROW_FORMAT=COMPACT;
Query OK, 0 rows affected (0.03 sec)
```

可以看到我们刚刚创建的这个表的 行格式 就是 Compact ，另外，我们还显式指定了这个表的字符集为 ascii ， 因为 ascii 字符集只包括空格、标点符号、数字、大小写字母和一些不可见字符，所以我们的汉字是不能存到这 个表里的。我们现在向这个表中插入两条记录：

```sql\
mysql> INSERT INTO record_format_demo(c1, c2, c3, c4) VALUES('aaaa', 'bbb', 'cc', 'd'),
('eeee', 'fff', NULL, NULL);
Query OK, 2 rows affected (0.02 sec)
Records: 2 Duplicates: 0 Warnings: 0
```

现在表中的记录就是这个样子的：

```sql
mysql> SELECT * FROM record_format_demo;
+------+-----+------+------+
| c1   | c2  |  c3  |  c4  |
+------+-----+------+------+
| aaaa | bbb | cc   |  d   |
| eeee | fff | NULL | NULL |
+------+-----+------+------+
2 rows in set (0.00 sec)
```

### COMPACT行格式

![image-20220904142502789](https://typora-1259403628.cos.ap-nanjing.myqcloud.com/image-20220904142502789.png)

#### 记录的额外信息

这部分信息是服务器为了描述这条记录而不得不额外添加的一些信息，这些额外信息分为3类，分别是 变长字段 长度列表 、 NULL值列表 和 记录头信息

##### 变长字段长度列表

MySQL 支持一些变长的数据类型，比如 VARCHAR(M) 、 VARBINARY(M) 、各种 TEXT 类型，各种 BLOB 类 型，我们也可以把拥有这些数据类型的列称为 变长字段 ，变长字段中存储多少字节的数据是不固定的，所以我 们在存储真实数据的时候需要顺便把这些数据占用的字节数也存起来，这样才不至于把 MySQL 服务器搞懵，所以 这些变长字段占用的存储空间分为两部分： 

1. 真正的数据内容 
2. 占用的字节数

在 Compact 行格式中，**把所有变长字段的真实数据占用的字节长度都存放在记录的开头部位，从而形成一个变长 字段长度列表，各变长字段数据占用的字节数按照列的顺序逆序存放**

![image-20220905223901417](https://typora-1259403628.cos.ap-nanjing.myqcloud.com/image-20220905223901417.png)

##### NULL值列表

如果把`NULL`值都放到记录的真实数据中存储会很占用地方，所以Compact行格式把这个些`NULL`值列统一管理起来，存储到`NULL`值列表中，它的处理过程是这样的：

1. 首先统计表中允许存储 NULL 的列有哪些

我们前边说过，主键列、被 NOT NULL 修饰的列都是不可以存储 NULL 值的，所以在统计的时候不会把这些列 算进去

2. **如果表中没有允许存储NULL值的列，则NULL值列表也不存在了**，否则将每个允许存储NULL的列对应一个二进制位，二进制位按照列的顺序逆序排列
   - 二进制位的值为1时，代表该列的值为NULL
   - 二进制位的值为0时，代表该列的值不位NULL

因为表 record_format_demo 有3个值允许为 NULL 的列，所以这3个列和二进制位的对应关系就是这 样：

![image-20220905225003694](https://typora-1259403628.cos.ap-nanjing.myqcloud.com/image-20220905225003694.png)

二进制位按照列的顺序**逆序**排列，所以第一个列 c1 和最后一个二进制位对应

3. MySQL 规定 NULL值列表 必须用整数个字节的位表示，如果使用的二进制位个数不是整数个字节，则在字节 的高位补 0 。

表 record_format_demo 只有3个值允许为 NULL 的列，对应3个二进制位，不足一个字节，所以在字节的高 位补 0 ，效果就是这样：

![image-20220905225901129](https://typora-1259403628.cos.ap-nanjing.myqcloud.com/image-20220905225901129.png)

以此类推，如果一个表中有9个允许为 NULL ，那这个记录的 NULL 值列表部分就需要2个字节来表示了。

知道了规则之后，我们再返回头看表 record_format_demo 中的两条记录中的 NULL值列表 应该怎么储存。因为只 有 c1 、 c3 、 c4 这3个列允许存储 NULL 值，所以所有记录的 NULL值列表 只需要一个字节。 

- 对于第一条记录来说， c1 、 c3 、 c4 这3个列的值都不为 NULL ，所以它们对应的二进制位都是 0 ，画个 图就是这样：

![image-20220905225940635](https://typora-1259403628.cos.ap-nanjing.myqcloud.com/image-20220905225940635.png)

所以第一条记录的 NULL值列表 用十六进制表示就是： 0x00 。

对于第二条记录来说， c1 、 c3 、 c4 这3个列中 c3 和 c4 的值都为 NULL ，所以这3个列对应的二进制位的 情况就是：

![image-20220905230019367](https://typora-1259403628.cos.ap-nanjing.myqcloud.com/image-20220905230019367.png)

所以第二条记录的 NULL值列表 用十六进制表示就是： 0x06 。

所以这两条记录在填充了 NULL值列表 后的示意图就是这样：

![image-20220905230039541](https://typora-1259403628.cos.ap-nanjing.myqcloud.com/image-20220905230039541.png)

##### 记录头信息

除了 变长字段长度列表 、 NULL值列表 之外，还有一个用于描述记录的 记录头信息 ，它是由固定的 5 个字节组 成。 5 个字节也就是 40 个二进制位，不同的位代表不同的意思，如图：

![image-20220904153815836](https://typora-1259403628.cos.ap-nanjing.myqcloud.com/image-20220904153815836.png)

这些二进制位代表的详细信息如下表：

![image-20220905230231002](https://typora-1259403628.cos.ap-nanjing.myqcloud.com/image-20220905230231002.png)

我们现在直接看一下 record_format_demo 中的两条记录的 头信息 分别是什么：

###### 记录的真实数据

对于 record_format_demo 表来说， 记录的真实数据 除了 c1 、 c2 、 c3 、 c4 这几个我们自己定义的列的数据 以外， MySQL 会为每个记录默认的添加一些列（也称为 隐藏列 ），具体的列如下：



![image-20220904160501312](https://typora-1259403628.cos.ap-nanjing.myqcloud.com/image-20220904160501312.png)

因为表 record_format_demo 并没有定义主键，所以 MySQL 服务器会为每条记录增加上述的3个列。现在看一下 加上 记录的真实数据 的两个记录长什么样吧

![image-20220905230612848](https://typora-1259403628.cos.ap-nanjing.myqcloud.com/image-20220905230612848.png)

看这个图的时候我们需要注意几点：

1. 表 record_format_demo 使用的是 ascii 字符集，所以 0x61616161 就表示字符串 'aaaa' ， 0x626262 就表示字符串 'bbb' ，以此类推。

2. 注意第1条记录中 c3 列的值，它是 CHAR(10) 类型的，它实际存储的字符串是： 'cc' ，而 ascii 字符集中的字节表示是 '0x6363' ，虽然表示这个字符串只占用了2个字节，但整个 c3 列仍然占用了10个字节的空间，除真实数据以外的8个字节的统统都用`空格字符填充`，空格字符在 ascii 字符集的表示就是 0x20 。
3. 注意第2条记录中 c3 和 c4 列的值都为 NULL ，它们被存储在了前边的 NULL值列表 处，在记录的真实数据处就不再冗余存储，从而节省存储空间。

###### CHAR(M)列的存储格式

record_format_demo 表的 c1 、 c2 、 c4 列的类型是 VARCHAR(10) ，而 c3 列的类型是 CHAR(10) ，我们说在 Compact 行格式下只会把变长类型的列的长度逆序存到 变长字段长度列表 中，就像这样：

![image-20220905231151660](https://typora-1259403628.cos.ap-nanjing.myqcloud.com/image-20220905231151660.png)

但是这只是因为我们的` record_format_demo` 表采用的是 `ascii `字符集，这个字符集是一个`定长字符集`，也就是 说**表示一个字符采用固定的一个字节**，如果采用变长的字符集（也就是表示一个字符需要的字节数不确定，比如 gbk 表示一个字符要12个字节、 utf8 表示一个字符要13个字节等）的话， c3 列的长度也会被存储到 变长字段 长度列表 中，比如我们修改一下record_format_demo 表的字符集：

```sql
mysql> ALTER TABLE record_format_demo MODIFY COLUMN c3 CHAR(10) CHARACTER SET utf8;
Query OK, 2 rows affected (0.02 sec)
Records: 2 Duplicates: 0 Warnings: 0
```

修改该列字符集后记录的 变长字段长度列表 也发生了变化，如图：

![image-20220905232957104](https://typora-1259403628.cos.ap-nanjing.myqcloud.com/image-20220905232957104.png)

这就意味着：**对于 CHAR(M) 类型的列来说，当列采用的是定长字符集时，该列占用的字节数不会被加到变长字 段长度列表，而如果采用变长字符集时，该列占用的字节数也会被加到变长字段长度列表。**

另外有一点还需要注意，变长字符集的 CHAR(M) 类型的列要求至少占用 M 个字节，而 VARCHAR(M) 却没有这个要 求。比方说对于使用 utf8 字符集的 CHAR(10) 的列来说，该列存储的数据字节长度的范围是10～30个字节。即 使我们向该列中存储一个空字符串也会占用 10 个字节，这是怕将来更新该列的值的字节长度大于原有值的字节 长度而小于10个字节时，可以在该记录处直接更新，而不是在存储空间中重新分配一个新的记录空间，导致原有 的记录空间成为所谓的碎片。

###### varchar和char的的区别是什么

**char的长度是不可变的，而varchar的长度是可变的。**

定义一个char（10）和varchar（10），如果存进去的是三个字节，那么char会用空格填满10个字节

varchar不会这样做，varchar的话本来是10个字节，那么它就会把长度变为3了

取数据的时候，cahr类型的要用trim（）去掉多余的空格，而varchar是不需要的。

`char的存取速度比varchar快的多`，因为它`长度固定`，方便程序的存储与查找，相当于是以`空间换取时间效率`

`varchar`是以`空间效率为首位`。

**char的存储方式是：对英文字符（ASCII）占用1个字节，对一个汉字占用两个字节。**

 **varchar的存储方式是：对每个英文字符占用2个字节，汉字也占用2个字节。**

### Redundant行格式

为了知识的系统性，我们也来看下Redundant行格式

![image-20220906113020329](https://typora-1259403628.cos.ap-nanjing.myqcloud.com/image-20220906113020329.png)

现在我们把表 record_format_demo 的行格式修改为 Redundant ：

```
mysql> ALTER TABLE record_format_demo ROW_FORMAT=Redundant;
Query OK, 0 rows affected (0.05 sec)
Records: 0 Duplicates: 0 Warnings: 0
```

了方便大家理解和节省篇幅，我们直接把表 record_format_demo 在 Redundant 行格式下的两条记录的真实存 储数据提供出来，之后我们着重分析两种行格式的不同即可。

![image-20220906113546830](https://typora-1259403628.cos.ap-nanjing.myqcloud.com/image-20220906113546830.png)

下边我们从各个方面看一下 Redundant 行格式有什么不同的地方：

- 字段长度偏移列表

注意 Compact 行格式的开头是 变长字段长度列表 ，而 Redundant 行格式的开头是 字段长度偏移列表 ，与 变长字段长度列表 有两处不同：

- 没有了`变长`两个字，意味着 Redundant 行格式会把该条记录中`所有列`（包括 隐藏列 ）的长度信息都按 照`逆序`存储到 字段长度偏移列表 。
- 多了个`偏移`两个字，这意味着计算列值长度的方式不像 Compact 行格式那么直观，它是采用两个相邻数 值的差值来计算各个列值的长度。

比如第一条记录的 字段长度偏移列表 就是： 

​	25 24 1A 17 13 0C 06 

因为它是逆序排放的，所以按照列的顺序排列就是： 

​	06 0C 13 17 1A 24 25 

按照两个相邻数值的差值来计算各个列值的长度的意思就是：

​	第一列(`row_id`)的长度就是 0x06个字节，也就是6个字节。 

​	第二列(`transaction_id`)的长度就是 (0x0C - 0x06)个字节，也就是6个字节。 

​	第三列(`roll_pointer`)的长度就是 (0x13 - 0x0C)个字节，也就是7个字节。 

​	第四列(`c1`)的长度就是 (0x17 - 0x13)个字节，也就是4个字节。 

​	第五列(`c2`)的长度就是 (0x1A - 0x17)个字节，也就是3个字节。 

​	第六列(`c3`)的长度就是 (0x24 - 0x1A)个字节，也就是10个字节。 

​	第七列(`c4`)的长度就是 (0x25 - 0x24)个字节，也就是1个字节。

### 行溢出数据

#### VARCHAR（M）最多能存储的数据

我们知道对于 VARCHAR(M) 类型的列最多可以占用 65535 个字节。其中的 M 代表该类型最多存储的字符数量，如 果我们使用 ascii 字符集的话，一个字符就代表一个字节，我们看看 VARCHAR(65535) 是否可用：

```sql
CREATE TABLE varchar_size_demo(
	c VARCHAR(65535)
)CHARSET=ascii ROW_FORMAT=Compact;
some columns to TEXT or BLOBs
> 时间: 0.002s
```

从报错信息里可以看出， MySQL 对一条记录占用的最大存储空间是有限制的，除了 BLOB 或者 TEXT 类型的列之 外，其他所有的列（不包括隐藏列和记录头信息）占用的字节长度加起来不能超过 65535 个字节。所以 MySQL 服 务器建议我们把存储类型改为 TEXT 或者 BLOB 的类型。这个 65535 个字节除了列本身的数据之外，还包括一些 其他的数据（ storage overhead ），比如说我们为了存储一个 VARCHAR(M) 类型的列，其实需要占用3部分存储 空间：

- 真实数据 
- 真实数据占用字节的长度 
- NULL 值标识，如果该列有 NOT NULL 属性则可以没有这部分存储空间

如果该 VARCHAR 类型的列没有 NOT NULL 属性，那最多只能存储 65532 个字节的数据，因为真实数据的长度可能 占用2个字节， NULL 值标识需要占用1个字节：

```sql
mysql> CREATE TABLE varchar_size_demo(
 -> c VARCHAR(65532)
 -> ) CHARSET=ascii ROW_FORMAT=Compact;
Query OK, 0 rows affected (0.02 sec)
```

如果 VARCHAR 类型的列有 NOT NULL 属性，那最多只能存储 65533 个字节的数据，因为真实数据的长度可能占用 2个字节，不需要 NULL 值标识：

```sql
mysql> DROP TABLE varchar_size_demo;
Query OK, 0 rows affected (0.01 sec)
mysql> CREATE TABLE varchar_size_demo(
 -> c VARCHAR(65533) NOT NULL
 -> ) CHARSET=ascii ROW_FORMAT=Compact;
Query OK, 0 rows affected (0.02 sec)
```

如果 VARCHAR(M) 类型的列使用的不是 ascii 字符集，那会怎么样呢？来看一下：

```sql
mysql> CREATE TABLE varchar_size_demo(
 -> c VARCHAR(65532)
 -> ) CHARSET=gbk ROW_FORMAT=Compact;
ERROR 1074 (42000): Column length too big for column 'c' (max = 32767); use BLOB or TEXT i
nstead

mysql> CREATE TABLE varchar_size_demo(
 -> c VARCHAR(65532)
 -> ) CHARSET=utf8 ROW_FORMAT=Compact;
ERROR 1074 (42000): Column length too big for column 'c' (max = 21845); use BLOB or TEXT i
nstead
```

从执行结果中可以看出，如果 VARCHAR(M) 类型的列使用的不是 ascii 字符集，那 M 的最大取值取决于该字符集 表示一个字符最多需要的字节数。在列的值允许为 NULL 的情况下， gbk 字符集表示一个字符最多需要 2 个字 节，那在该字符集下， M 的最大取值就是 32766 （也就是：65532/2），也就是说最多能存储 32766 个字符； utf8 字符集表示一个字符最多需要 3 个字节，那在该字符集下， M 的最大取值就是 21844 ，就是说最多能存 储 21844 （也就是：65532/3）个字符。

**UTF8编码中一个汉字（包括数字）占用3个字节**

**GBK编码中一个汉字（包括数字）占用2个字节**

#### 记录中的数据太多产生的溢出

我们以 ascii 字符集下的 varchar_size_demo 表为例，插入一条记录：

```
mysql> CREATE TABLE varchar_size_demo(
 -> c VARCHAR(65532)
 -> ) CHARSET=ascii ROW_FORMAT=Compact;
Query OK, 0 rows affected (0.01 sec)
mysql> INSERT INTO varchar_size_demo(c) VALUES(REPEAT('a', 65532));
Query OK, 1 row affected (0.00 sec)
```

其中的 REPEAT('a', 65532) 是一个函数调用，它表示生成一个把字符 'a' 重复 65532 次的字符串。前边说 过，` MySQL `中磁盘和内存交互的基本单位是 `页 `，也就是说 `MySQL 是以 页 为基本单位来管理存储空间的`，我们 的记录都会被分配到某个 页 中存储。而`一个页的大小一般是 16KB` ，也就是 16384 字节，而`一个 VARCHAR(M) 类 型的列就最多可以存储 65532 个字节`，这样就可能造成`一个页存放不了一条记录`的尴尬情况。

在 `Compact `和` Reduntant` 行格式中，**对于占用存储空间非常大的列，在 记录的真实数据 处只会存储该列的一部 分数据，把剩余的数据分散存储在几个其他的页中，然后 记录的真实数据 处用20个字节存储指向这些页的地址 （当然这20个字节中还包括这些分散在其他页面中的数据的占用的字节数），从而可以找到剩余数据所在的页**， 如图所示：

![image-20220906153739582](https://typora-1259403628.cos.ap-nanjing.myqcloud.com/image-20220906153739582.png)

从图中可以看出来，对于 Compact 和 Reduntant 行格式来说，如果某一列中的数据非常多的话，在本记录的真实 数据处只会存储该列的前 768 个字节的数据和一个指向其他页的地址，然后把剩下的数据存放到其他页中，这个 过程也叫做 行溢出 ，存储超出 768 字节的那些页面也被称为 溢出页 。画一个简图就是这样：

![image-20220906153751843](https://typora-1259403628.cos.ap-nanjing.myqcloud.com/image-20220906153751843.png)

最后需要注意的是，**不只是 VARCHAR(M) 类型的列，其他的 TEXT、BLOB 类型的列在存储数据非常多的时候 也会发生 行溢出 。**

####  行溢出的临界点

在列存储多少字节的数据时会发生行溢出？

MySQL 中规定**一个页中至少存放两行记录**，至于为什么这么规定我们之后再说，现在看一下这个规定造成的影 响。以上边的 varchar_size_demo 表为例，它只有一个列 c ，我们往这个表中插入两条记录，每条记录最少插入 多少字节的数据才会 行溢出 的现象呢？这得分析一下页中的空间都是如何利用的。

- 每个页除了存放我们的记录以外，也需要存储一些额外的信息，乱七八糟的额外信息加起来需要 136 个字节
  的空间（现在只要知道这个数字就好了），其他的空间都可以被用来存储记录。
- 每个记录需要的额外信息是 27 字节。

这27个字节包括下边这些部分：

- 2个字节用于存储真实数据的长度
- 1个字节用于存储列是否是NULL值
- 5个字节大小的头信息
- 6个字节的 row_id 列
- 6个字节的 transaction_id 列
- 7个字节的 roll_pointer 列

**你不用关注这个临界点是什 么，只要知道如果我们想一个行中存储了很大的数据时，可能发生 行溢出 的现象。**

### Dynamic和Compressed行格式

Dynamic 和 Compressed 行格式，我现在使用的 MySQL 版本是 5.7 ，它的默认行格 式就是 Dynamic ，这俩行格式和 Compact 行格式挺像，只不过在处理 行溢出 数据时有点儿分歧，它们不会在记 录的真实数据处存储字段真实数据的前 768 个字节，而是把所有的字节都存储到其他页面中，只在记录的真实数 据处存储其他页面的地址，就像这样：

![image-20220906144330784](https://typora-1259403628.cos.ap-nanjing.myqcloud.com/image-20220906144330784.png)

**Compressed 行格式和 Dynamic 不同的一点是， Compressed 行格式会采用压缩算法对页面进行压缩，以节省空 间。**

## 总结

![image-20220824202128667](https://typora-1259403628.cos.ap-nanjing.myqcloud.com/image-20220824202128667.png)

![image-20220824202136734](https://typora-1259403628.cos.ap-nanjing.myqcloud.com/image-20220824202136734.png)

4. 一个页一般是 16KB ，当记录中的数据太多，当前页放不下的时候，会把多余的数据存储到其他页中，这种 现象称为 行溢出 。
















































































